=================================
 Terraform Deployment Start
 Start: 2026-08-18 16:02:05
=================================

=================================
 Applying 01-network
=================================
---------------------------------
01-network           INIT 00m 02s | PLAN 00m 04s | APPLY 00m 03s | TOTAL 00m 09s
---------------------------------

=================================
 Applying 02-eks
=================================
---------------------------------
02-eks               INIT 00m 02s | PLAN 00m 07s | APPLY 00m 03s | TOTAL 00m 12s
---------------------------------

=================================
 Applying 03-platform
=================================
---------------------------------
03-platform          INIT 00m 02s | PLAN 00m 06s | APPLY 00m 03s | TOTAL 00m 11s
---------------------------------

=================================
 Applying 04-eks-workloads
=================================
---------------------------------
04-eks-workloads     INIT 00m 02s | PLAN 00m 05s | APPLY 00m 03s | TOTAL 00m 10s
---------------------------------

=================================
 Applying 05-eks-autoscaling
=================================
---------------------------------
05-eks-autoscaling   INIT 00m 02s | PLAN 00m 09s | APPLY 00m 11s | TOTAL 00m 22s
---------------------------------

=================================
 Terraform Deployment Complete
 End: 2026-08-18 16:03:09
 Total Provisioning Time: 01m 04s
=================================
