=================================
 Terraform Deployment Start
 Start: 2026-08-20 10:18:58
=================================

=================================
 Applying 01-network
=================================
---------------------------------
01-network           INIT 00m 02s | PLAN 00m 02s | APPLY 01m 42s | TOTAL 01m 46s
---------------------------------

=================================
 Applying 02-eks
=================================
---------------------------------
02-eks               INIT 00m 03s | PLAN 00m 03s | APPLY 13m 38s | TOTAL 13m 44s
---------------------------------

=================================
 Applying 03-platform
=================================
---------------------------------
03-platform          INIT 00m 03s | PLAN 00m 03s | APPLY 00m 44s | TOTAL 00m 50s
---------------------------------

=================================
 Applying 04-eks-workloads
=================================
---------------------------------
04-eks-workloads     INIT 00m 03s | PLAN 00m 05s | APPLY 00m 58s | TOTAL 01m 06s
---------------------------------

=================================
 Applying 05-eks-autoscaling
=================================
---------------------------------
05-eks-autoscaling   INIT 00m 03s | PLAN 00m 11s | APPLY 00m 54s | TOTAL 01m 08s
---------------------------------

=================================
 Terraform Deployment Complete
 End: 2026-08-20 10:37:32
 Total Provisioning Time: 18m 34s
=================================
