=================================
 Terraform Deployment Start
 Start: 2026-08-18 15:09:55
=================================

=================================
 Applying 01-network
=================================
---------------------------------
01-network           INIT 00m 20s | PLAN 00m 02s | APPLY 02m 02s | TOTAL 02m 24s
---------------------------------

=================================
 Applying 02-eks
=================================
---------------------------------
02-eks               INIT 00m 23s | PLAN 00m 04s | APPLY 10m 37s | TOTAL 11m 04s
---------------------------------

=================================
 Applying 03-platform
=================================
---------------------------------
03-platform          INIT 00m 26s | PLAN 00m 04s | APPLY 00m 38s | TOTAL 01m 08s
---------------------------------

=================================
 Applying 04-eks-workloads
=================================
---------------------------------
04-eks-workloads     INIT 00m 23s | PLAN 00m 04s | APPLY 00m 52s | TOTAL 01m 19s
---------------------------------

=================================
 Applying 05-eks-autoscaling
=================================
---------------------------------
05-eks-autoscaling   INIT 00m 22s | PLAN 00m 08s | APPLY 00m 55s | TOTAL 01m 25s
---------------------------------

=================================
 Terraform Deployment Complete
 End: 2026-08-18 15:27:16
 Total Provisioning Time: 17m 21s
=================================
