=================================
 Terraform Deployment Start
 Start: 2026-08-18 16:17:25
=================================

=================================
 Applying 01-network
=================================
---------------------------------
01-network           INIT 00m 02s | PLAN 00m 06s | APPLY 00m 03s | TOTAL 00m 11s
---------------------------------

=================================
 Applying 02-eks
=================================
---------------------------------
02-eks               INIT 00m 02s | PLAN 00m 07s | APPLY 00m 03s | TOTAL 00m 12s
---------------------------------

=================================
 Applying 03-platform
=================================
---------------------------------
03-platform          INIT 00m 03s | PLAN 00m 04s | APPLY 00m 06s | TOTAL 00m 13s
---------------------------------

=================================
 Applying 04-eks-workloads
=================================
---------------------------------
04-eks-workloads     INIT 00m 03s | PLAN 00m 06s | APPLY 00m 04s | TOTAL 00m 13s
---------------------------------

=================================
 Applying 05-eks-autoscaling
=================================
---------------------------------
05-eks-autoscaling   INIT 00m 02s | PLAN 00m 07s | APPLY 00m 12s | TOTAL 00m 21s
---------------------------------

=================================
 Terraform Deployment Complete
 End: 2026-08-18 16:18:35
 Total Provisioning Time: 01m 10s
=================================
