2026-07-22T15:31:52+09:00 [20260722-153152] [switch-to-onprem] [INFO] EKS-A → 온프레미스 긴급 트래픽 전환 시작
2026-07-22T15:31:52+09:00 [20260722-153152] [switch-to-onprem] [INFO] STEP_START step=check_context target=eks-a
2026-07-22T15:31:52+09:00 [20260722-153152] [switch-to-onprem] [INFO] STEP_SUCCESS step=check_context target=eks-a duration=0s
2026-07-22T15:31:52+09:00 [20260722-153152] [switch-to-onprem] [INFO] STEP_START step=check_context target=kubernetes-admin@kubernetes
2026-07-22T15:31:52+09:00 [20260722-153152] [switch-to-onprem] [INFO] STEP_SUCCESS step=check_context target=kubernetes-admin@kubernetes duration=0s
2026-07-22T15:31:52+09:00 [20260722-153152] [switch-to-onprem] [INFO] STEP_START step=check_onprem_cluster target=kubernetes-admin@kubernetes
2026-07-22T15:31:52+09:00 [20260722-153152] [switch-to-onprem] [INFO] Kubernetes API 확인 context=kubernetes-admin@kubernetes
2026-07-22T15:31:52+09:00 [20260722-153152] [switch-to-onprem] [INFO] Kubernetes API 확인 context=kubernetes-admin@kubernetes
2026-07-22T15:31:52+09:00 [20260722-153152] [switch-to-onprem] [INFO] STEP_SUCCESS step=check_onprem_cluster target=kubernetes-admin@kubernetes duration=0s
2026-07-22T15:31:52+09:00 [20260722-153152] [switch-to-onprem] [INFO] Kubernetes API 확인 context=eks-a
2026-07-22T15:31:52+09:00 [20260722-153152] [switch-to-onprem] [INFO] EKS-A Kubernetes API 연결 가능
2026-07-22T15:31:53+09:00 [20260722-153152] [switch-to-onprem] [INFO] 기존 replica eks-a=1 onprem=0
2026-07-22T15:31:53+09:00 [20260722-153152] [switch-to-onprem] [INFO] 클러스터 상태 수집 context=kubernetes-admin@kubernetes label=before-switch-onprem

===== before-switch-onprem: Nodes =====
NAME     STATUS   ROLES           AGE   VERSION    INTERNAL-IP   EXTERNAL-IP   OS-IMAGE             KERNEL-VERSION      CONTAINER-RUNTIME
master   Ready    control-plane   14d   v1.33.13   172.16.8.10   <none>        Ubuntu 24.04.4 LTS   6.8.0-136-generic   docker://28.5.1
node1    Ready    <none>          10d   v1.29.15   172.16.8.11   <none>        Ubuntu 24.04.4 LTS   6.8.0-136-generic   docker://28.5.1
node2    Ready    <none>          10d   v1.29.15   172.16.8.12   <none>        Ubuntu 24.04.4 LTS   6.8.0-136-generic   docker://28.5.1

===== before-switch-onprem: Cloudflared =====
NAME                          READY   UP-TO-DATE   AVAILABLE   AGE   CONTAINERS    IMAGES                             SELECTOR
deployment.apps/cloudflared   0/0     0            0           2d    cloudflared   cloudflare/cloudflared:2024.11.0   app=cloudflared

===== before-switch-onprem: Application =====
NAME                              READY   UP-TO-DATE   AVAILABLE   AGE   CONTAINERS   IMAGES                                            SELECTOR
deployment.apps/auth-db           1/1     1            1           46h   postgres     postgres:15-alpine                                app=auth-db
deployment.apps/auth-service      1/1     1            1           46h   auth         harbor.zeoxixx.cloud/jit-hub/auth-service:v1      app=auth
deployment.apps/gateway-service   1/1     1            1           46h   gateway      harbor.zeoxixx.cloud/jit-hub/jit-hub-gateway:v1   app=gateway
deployment.apps/tourist-db        1/1     1            1           46h   postgres     postgres:15-alpine                                app=tourist-db
deployment.apps/tourist-service   1/1     1            1           46h   tourist      harbor.zeoxixx.cloud/jit-hub/tourist-service:v1   app=tourist
deployment.apps/traffic-db        1/1     1            1           46h   postgres     postgres:15-alpine                                app=traffic-db
deployment.apps/traffic-service   1/1     1            1           46h   traffic      harbor.zeoxixx.cloud/jit-hub/traffic-service:v1   app=traffic
deployment.apps/weather-db        1/1     1            1           46h   postgres     postgres:15-alpine                                app=weather-db
deployment.apps/weather-service   1/1     1            1           46h   weather      harbor.zeoxixx.cloud/jit-hub/weather-service:v1   app=weather

NAME                                   READY   STATUS    RESTARTS      AGE     IP                NODE    NOMINATED NODE   READINESS GATES
pod/auth-db-7995578864-4b6d8           1/1     Running   1 (15h ago)   26h     192.168.104.22    node2   <none>           <none>
pod/auth-service-67b4dccb85-9hxr6      1/1     Running   0             5h17m   192.168.104.29    node2   <none>           <none>
pod/gateway-service-7dc76f46b9-ztpsk   1/1     Running   0             5h      192.168.104.30    node2   <none>           <none>
pod/tourist-db-5bb6587dfd-rdxn5        1/1     Running   1 (15h ago)   26h     192.168.104.16    node2   <none>           <none>
pod/tourist-service-7cfbdbb85c-krj4w   1/1     Running   0             5h17m   192.168.166.178   node1   <none>           <none>
pod/traffic-db-585b859749-n5wn8        1/1     Running   1 (15h ago)   26h     192.168.104.17    node2   <none>           <none>
pod/traffic-service-5df4865bbf-7g7bm   1/1     Running   0             5h17m   192.168.104.31    node2   <none>           <none>
pod/weather-db-7579d778b8-vbpfc        1/1     Running   1 (15h ago)   26h     192.168.104.13    node2   <none>           <none>
pod/weather-service-7cd79d6789-lghmf   1/1     Running   0             5h17m   192.168.104.28    node2   <none>           <none>

NAME                      TYPE           CLUSTER-IP       EXTERNAL-IP   PORT(S)          AGE     SELECTOR
service/auth-db           LoadBalancer   10.101.189.167   172.16.8.47   5432:31423/TCP   7h28m   app=auth-db
service/auth-service      ClusterIP      10.105.115.252   <none>        8001/TCP         46h     app=auth
service/gateway-service   ClusterIP      10.104.51.171    <none>        80/TCP           46h     app=gateway
service/tourist-db        LoadBalancer   10.107.49.35     172.16.8.50   5432:30113/TCP   7h23m   app=tourist-db
service/tourist-service   ClusterIP      10.96.77.75      <none>        8004/TCP         46h     app=tourist
service/traffic-db        LoadBalancer   10.96.14.194     172.16.8.49   5432:30399/TCP   7h23m   app=traffic-db
service/traffic-service   ClusterIP      10.107.41.88     <none>        8003/TCP         46h     app=traffic
service/weather-db        LoadBalancer   10.96.51.192     172.16.8.48   5432:32761/TCP   7h23m   app=weather-db
service/weather-service   ClusterIP      10.98.223.235    <none>        8002/TCP         46h     app=weather

NAME                                                        CLASS   HOSTS         ADDRESS   PORTS   AGE
ingress.networking.k8s.io/onprem-jit-hub-app-ingress-rule   nginx   leechs.shop             80      46h

2026-07-22T15:31:53+09:00 [20260722-153152] [switch-to-onprem] [INFO] STEP_START step=internal_health_before_switch target=onprem
2026-07-22T15:31:53+09:00 [20260722-153152] [switch-to-onprem] [INFO] 내부 헬스체크 context=kubernetes-admin@kubernetes service=gateway-service
2026-07-22T15:31:53+09:00 [20260722-153152] [switch-to-onprem] [INFO] 내부 헬스체크 context=kubernetes-admin@kubernetes service=gateway-service
{"status":"ok","service":"auth","location":"LOCAL-DEV","timestamp":"2026-07-22T06:31:54.750207+00:00"}pod "healthcheck-26710-1784701913" deleted
2026-07-22T15:31:56+09:00 [20260722-153152] [switch-to-onprem] [INFO] STEP_SUCCESS step=internal_health_before_switch target=onprem duration=3s
2026-07-22T15:31:56+09:00 [20260722-153152] [switch-to-onprem] [INFO] STEP_START step=activate_cloudflared target=onprem
2026-07-22T15:31:56+09:00 [20260722-153152] [switch-to-onprem] [INFO] cloudflared scale context=kubernetes-admin@kubernetes replicas=1
2026-07-22T15:31:56+09:00 [20260722-153152] [switch-to-onprem] [INFO] cloudflared scale context=kubernetes-admin@kubernetes replicas=1
deployment.apps/cloudflared scaled
Waiting for deployment "cloudflared" rollout to finish: 0 of 1 updated replicas are available...
deployment "cloudflared" successfully rolled out
2026-07-22T15:31:58+09:00 [20260722-153152] [switch-to-onprem] [INFO] cloudflared 대기 context=kubernetes-admin@kubernetes desired=1 ready=1 expected=1 attempt=1/30
2026-07-22T15:31:58+09:00 [20260722-153152] [switch-to-onprem] [INFO] cloudflared 대기 context=kubernetes-admin@kubernetes desired=1 ready=1 expected=1 attempt=1/30
2026-07-22T15:31:58+09:00 [20260722-153152] [switch-to-onprem] [INFO] STEP_SUCCESS step=activate_cloudflared target=onprem duration=2s
2026-07-22T15:31:58+09:00 [20260722-153152] [switch-to-onprem] [INFO] make-before-break: 온프레미스 connector 활성화 완료
2026-07-22T15:31:58+09:00 [20260722-153152] [switch-to-onprem] [INFO] Kubernetes API 확인 context=eks-a
2026-07-22T15:31:59+09:00 [20260722-153152] [switch-to-onprem] [INFO] STEP_START step=deactivate_cloudflared target=eks-a
2026-07-22T15:31:59+09:00 [20260722-153152] [switch-to-onprem] [INFO] cloudflared scale context=eks-a replicas=0
2026-07-22T15:31:59+09:00 [20260722-153152] [switch-to-onprem] [INFO] cloudflared scale context=eks-a replicas=0
deployment.apps/cloudflared scaled
2026-07-22T15:32:00+09:00 [20260722-153152] [switch-to-onprem] [INFO] cloudflared 대기 context=eks-a desired=0 ready=0 expected=0 attempt=1/30
2026-07-22T15:32:00+09:00 [20260722-153152] [switch-to-onprem] [INFO] cloudflared 대기 context=eks-a desired=0 ready=0 expected=0 attempt=1/30
2026-07-22T15:32:00+09:00 [20260722-153152] [switch-to-onprem] [INFO] STEP_SUCCESS step=deactivate_cloudflared target=eks-a duration=1s
2026-07-22T15:32:00+09:00 [20260722-153152] [switch-to-onprem] [INFO] STEP_START step=external_health_after_switch target=onprem
2026-07-22T15:32:01+09:00 [20260722-153152] [switch-to-onprem] [WARN] 외부 헬스체크 대기 url=https://zeoxixx.cloud/health code=404 attempt=1/30
2026-07-22T15:32:01+09:00 [20260722-153152] [switch-to-onprem] [WARN] 외부 헬스체크 대기 url=https://zeoxixx.cloud/health code=404 attempt=1/30
2026-07-22T15:32:07+09:00 [20260722-153152] [switch-to-onprem] [WARN] 외부 헬스체크 대기 url=https://zeoxixx.cloud/health code=404 attempt=2/30
2026-07-22T15:32:07+09:00 [20260722-153152] [switch-to-onprem] [WARN] 외부 헬스체크 대기 url=https://zeoxixx.cloud/health code=404 attempt=2/30
2026-07-22T15:32:13+09:00 [20260722-153152] [switch-to-onprem] [WARN] 외부 헬스체크 대기 url=https://zeoxixx.cloud/health code=404 attempt=3/30
2026-07-22T15:32:13+09:00 [20260722-153152] [switch-to-onprem] [WARN] 외부 헬스체크 대기 url=https://zeoxixx.cloud/health code=404 attempt=3/30
2026-07-22T15:32:19+09:00 [20260722-153152] [switch-to-onprem] [WARN] 외부 헬스체크 대기 url=https://zeoxixx.cloud/health code=404 attempt=4/30
2026-07-22T15:32:19+09:00 [20260722-153152] [switch-to-onprem] [WARN] 외부 헬스체크 대기 url=https://zeoxixx.cloud/health code=404 attempt=4/30
2026-07-22T15:32:25+09:00 [20260722-153152] [switch-to-onprem] [WARN] 외부 헬스체크 대기 url=https://zeoxixx.cloud/health code=404 attempt=5/30
2026-07-22T15:32:25+09:00 [20260722-153152] [switch-to-onprem] [WARN] 외부 헬스체크 대기 url=https://zeoxixx.cloud/health code=404 attempt=5/30
2026-07-22T15:32:31+09:00 [20260722-153152] [switch-to-onprem] [WARN] 외부 헬스체크 대기 url=https://zeoxixx.cloud/health code=404 attempt=6/30
2026-07-22T15:32:31+09:00 [20260722-153152] [switch-to-onprem] [WARN] 외부 헬스체크 대기 url=https://zeoxixx.cloud/health code=404 attempt=6/30
2026-07-22T15:32:36+09:00 [20260722-153152] [switch-to-onprem] [WARN] 외부 헬스체크 대기 url=https://zeoxixx.cloud/health code=404 attempt=7/30
2026-07-22T15:32:36+09:00 [20260722-153152] [switch-to-onprem] [WARN] 외부 헬스체크 대기 url=https://zeoxixx.cloud/health code=404 attempt=7/30
2026-07-22T15:32:42+09:00 [20260722-153152] [switch-to-onprem] [WARN] 외부 헬스체크 대기 url=https://zeoxixx.cloud/health code=404 attempt=8/30
2026-07-22T15:32:42+09:00 [20260722-153152] [switch-to-onprem] [WARN] 외부 헬스체크 대기 url=https://zeoxixx.cloud/health code=404 attempt=8/30
2026-07-22T15:32:48+09:00 [20260722-153152] [switch-to-onprem] [WARN] 외부 헬스체크 대기 url=https://zeoxixx.cloud/health code=404 attempt=9/30
2026-07-22T15:32:48+09:00 [20260722-153152] [switch-to-onprem] [WARN] 외부 헬스체크 대기 url=https://zeoxixx.cloud/health code=404 attempt=9/30
2026-07-22T15:32:53+09:00 [20260722-153152] [switch-to-onprem] [WARN] 외부 헬스체크 대기 url=https://zeoxixx.cloud/health code=404 attempt=10/30
2026-07-22T15:32:53+09:00 [20260722-153152] [switch-to-onprem] [WARN] 외부 헬스체크 대기 url=https://zeoxixx.cloud/health code=404 attempt=10/30
2026-07-22T15:32:59+09:00 [20260722-153152] [switch-to-onprem] [WARN] 외부 헬스체크 대기 url=https://zeoxixx.cloud/health code=404 attempt=11/30
2026-07-22T15:32:59+09:00 [20260722-153152] [switch-to-onprem] [WARN] 외부 헬스체크 대기 url=https://zeoxixx.cloud/health code=404 attempt=11/30
2026-07-22T15:33:04+09:00 [20260722-153152] [switch-to-onprem] [WARN] 외부 헬스체크 대기 url=https://zeoxixx.cloud/health code=404 attempt=12/30
2026-07-22T15:33:04+09:00 [20260722-153152] [switch-to-onprem] [WARN] 외부 헬스체크 대기 url=https://zeoxixx.cloud/health code=404 attempt=12/30
2026-07-22T15:33:10+09:00 [20260722-153152] [switch-to-onprem] [WARN] 외부 헬스체크 대기 url=https://zeoxixx.cloud/health code=404 attempt=13/30
2026-07-22T15:33:10+09:00 [20260722-153152] [switch-to-onprem] [WARN] 외부 헬스체크 대기 url=https://zeoxixx.cloud/health code=404 attempt=13/30
2026-07-22T15:33:16+09:00 [20260722-153152] [switch-to-onprem] [WARN] 외부 헬스체크 대기 url=https://zeoxixx.cloud/health code=404 attempt=14/30
2026-07-22T15:33:16+09:00 [20260722-153152] [switch-to-onprem] [WARN] 외부 헬스체크 대기 url=https://zeoxixx.cloud/health code=404 attempt=14/30
2026-07-22T15:33:21+09:00 [20260722-153152] [switch-to-onprem] [WARN] 외부 헬스체크 대기 url=https://zeoxixx.cloud/health code=404 attempt=15/30
2026-07-22T15:33:21+09:00 [20260722-153152] [switch-to-onprem] [WARN] 외부 헬스체크 대기 url=https://zeoxixx.cloud/health code=404 attempt=15/30
2026-07-22T15:33:27+09:00 [20260722-153152] [switch-to-onprem] [WARN] 외부 헬스체크 대기 url=https://zeoxixx.cloud/health code=404 attempt=16/30
2026-07-22T15:33:27+09:00 [20260722-153152] [switch-to-onprem] [WARN] 외부 헬스체크 대기 url=https://zeoxixx.cloud/health code=404 attempt=16/30
2026-07-22T15:33:33+09:00 [20260722-153152] [switch-to-onprem] [WARN] 외부 헬스체크 대기 url=https://zeoxixx.cloud/health code=404 attempt=17/30
2026-07-22T15:33:33+09:00 [20260722-153152] [switch-to-onprem] [WARN] 외부 헬스체크 대기 url=https://zeoxixx.cloud/health code=404 attempt=17/30
2026-07-22T15:33:38+09:00 [20260722-153152] [switch-to-onprem] [WARN] 외부 헬스체크 대기 url=https://zeoxixx.cloud/health code=404 attempt=18/30
2026-07-22T15:33:38+09:00 [20260722-153152] [switch-to-onprem] [WARN] 외부 헬스체크 대기 url=https://zeoxixx.cloud/health code=404 attempt=18/30
2026-07-22T15:33:44+09:00 [20260722-153152] [switch-to-onprem] [WARN] 외부 헬스체크 대기 url=https://zeoxixx.cloud/health code=404 attempt=19/30
2026-07-22T15:33:44+09:00 [20260722-153152] [switch-to-onprem] [WARN] 외부 헬스체크 대기 url=https://zeoxixx.cloud/health code=404 attempt=19/30
2026-07-22T15:33:49+09:00 [20260722-153152] [switch-to-onprem] [WARN] 외부 헬스체크 대기 url=https://zeoxixx.cloud/health code=404 attempt=20/30
2026-07-22T15:33:49+09:00 [20260722-153152] [switch-to-onprem] [WARN] 외부 헬스체크 대기 url=https://zeoxixx.cloud/health code=404 attempt=20/30
2026-07-22T15:33:55+09:00 [20260722-153152] [switch-to-onprem] [WARN] 외부 헬스체크 대기 url=https://zeoxixx.cloud/health code=404 attempt=21/30
2026-07-22T15:33:55+09:00 [20260722-153152] [switch-to-onprem] [WARN] 외부 헬스체크 대기 url=https://zeoxixx.cloud/health code=404 attempt=21/30
2026-07-22T15:34:01+09:00 [20260722-153152] [switch-to-onprem] [WARN] 외부 헬스체크 대기 url=https://zeoxixx.cloud/health code=404 attempt=22/30
2026-07-22T15:34:01+09:00 [20260722-153152] [switch-to-onprem] [WARN] 외부 헬스체크 대기 url=https://zeoxixx.cloud/health code=404 attempt=22/30
2026-07-22T15:34:07+09:00 [20260722-153152] [switch-to-onprem] [WARN] 외부 헬스체크 대기 url=https://zeoxixx.cloud/health code=404 attempt=23/30
2026-07-22T15:34:07+09:00 [20260722-153152] [switch-to-onprem] [WARN] 외부 헬스체크 대기 url=https://zeoxixx.cloud/health code=404 attempt=23/30
2026-07-22T15:34:12+09:00 [20260722-153152] [switch-to-onprem] [WARN] 외부 헬스체크 대기 url=https://zeoxixx.cloud/health code=404 attempt=24/30
2026-07-22T15:34:12+09:00 [20260722-153152] [switch-to-onprem] [WARN] 외부 헬스체크 대기 url=https://zeoxixx.cloud/health code=404 attempt=24/30
2026-07-22T15:34:18+09:00 [20260722-153152] [switch-to-onprem] [WARN] 외부 헬스체크 대기 url=https://zeoxixx.cloud/health code=404 attempt=25/30
2026-07-22T15:34:18+09:00 [20260722-153152] [switch-to-onprem] [WARN] 외부 헬스체크 대기 url=https://zeoxixx.cloud/health code=404 attempt=25/30
2026-07-22T15:34:23+09:00 [20260722-153152] [switch-to-onprem] [WARN] 외부 헬스체크 대기 url=https://zeoxixx.cloud/health code=404 attempt=26/30
2026-07-22T15:34:23+09:00 [20260722-153152] [switch-to-onprem] [WARN] 외부 헬스체크 대기 url=https://zeoxixx.cloud/health code=404 attempt=26/30
2026-07-22T15:34:29+09:00 [20260722-153152] [switch-to-onprem] [WARN] 외부 헬스체크 대기 url=https://zeoxixx.cloud/health code=404 attempt=27/30
2026-07-22T15:34:29+09:00 [20260722-153152] [switch-to-onprem] [WARN] 외부 헬스체크 대기 url=https://zeoxixx.cloud/health code=404 attempt=27/30
2026-07-22T15:34:34+09:00 [20260722-153152] [switch-to-onprem] [WARN] 외부 헬스체크 대기 url=https://zeoxixx.cloud/health code=404 attempt=28/30
2026-07-22T15:34:34+09:00 [20260722-153152] [switch-to-onprem] [WARN] 외부 헬스체크 대기 url=https://zeoxixx.cloud/health code=404 attempt=28/30
2026-07-22T15:34:40+09:00 [20260722-153152] [switch-to-onprem] [WARN] 외부 헬스체크 대기 url=https://zeoxixx.cloud/health code=404 attempt=29/30
2026-07-22T15:34:40+09:00 [20260722-153152] [switch-to-onprem] [WARN] 외부 헬스체크 대기 url=https://zeoxixx.cloud/health code=404 attempt=29/30
2026-07-22T15:34:46+09:00 [20260722-153152] [switch-to-onprem] [WARN] 외부 헬스체크 대기 url=https://zeoxixx.cloud/health code=404 attempt=30/30
2026-07-22T15:34:46+09:00 [20260722-153152] [switch-to-onprem] [WARN] 외부 헬스체크 대기 url=https://zeoxixx.cloud/health code=404 attempt=30/30
2026-07-22T15:34:51+09:00 [20260722-153152] [switch-to-onprem] [ERROR] 외부 헬스체크 실패 url=https://zeoxixx.cloud/health
2026-07-22T15:34:51+09:00 [20260722-153152] [switch-to-onprem] [ERROR] 외부 헬스체크 실패 url=https://zeoxixx.cloud/health
2026-07-22T15:34:51+09:00 [20260722-153152] [switch-to-onprem] [ERROR] STEP_FAILED step=external_health_after_switch target=onprem duration=171s exit_code=1
2026-07-22T15:34:51+09:00 [20260722-153152] [switch-to-onprem] [WARN] 온프레미스 전환 실패. 기존 replica 상태로 롤백 시작
2026-07-22T15:34:51+09:00 [20260722-153152] [switch-to-onprem] [INFO] cloudflared scale context=eks-a replicas=1
